118.102.255.50 - - [17/Oct/2014:00:00:29 -0400] "GET /favicon.ico HTTP/1.1" 200 20 "-" "Mozilla/5.0 (Windows NT 6.1; WOW64) AppleWebKit/537.36 (KHTML, like Gecko) Chrome/38.0.2125.101 Safari/537.36"
118.102.255.50 - - [17/Oct/2014:00:00:41 -0400] "GET /favicon.ico HTTP/1.1" 200 20 "-" "Mozilla/5.0 (Windows NT 6.1; WOW64) AppleWebKit/537.36 (KHTML, like Gecko) Chrome/38.0.2125.101 Safari/537.36"
118.102.255.50 - - [17/Oct/2014:00:01:31 -0400] "GET /favicon.ico HTTP/1.1" 200 20 "-" "Mozilla/5.0 (Windows NT 6.1; WOW64) AppleWebKit/537.36 (KHTML, like Gecko) Chrome/38.0.2125.101 Safari/537.36"
118.102.255.50 - - [17/Oct/2014:00:01:41 -0400] "GET /favicon.ico HTTP/1.1" 200 20 "-" "Mozilla/5.0 (Windows NT 6.1; WOW64) AppleWebKit/537.36 (KHTML, like Gecko) Chrome/38.0.2125.101 Safari/537.36"
118.102.255.50 - - [17/Oct/2014:00:02:32 -0400] "GET /favicon.ico HTTP/1.1" 200 20 "-" "Mozilla/5.0 (Windows NT 6.1; WOW64) AppleWebKit/537.36 (KHTML, like Gecko) Chrome/38.0.2125.101 Safari/537.36"
118.102.255.50 - - [17/Oct/2014:00:02:52 -0400] "GET /favicon.ico HTTP/1.1" 200 20 "-" "Mozilla/5.0 (Windows NT 6.1; WOW64) AppleWebKit/537.36 (KHTML, like Gecko) Chrome/38.0.2125.101 Safari/537.36"
216.107.156.43 - - [17/Oct/2014:00:02:58 -0400] "GET /register/ HTTP/1.1" 200 4878 "http://hadooptutorial.info/" "Mozilla/5.0 (Windows NT 6.1; rv:22.0) Gecko/20100101 Firefox/22.0"
216.107.156.43 - - [17/Oct/2014:00:03:00 -0400] "GET /register/ HTTP/1.1" 200 4878 "http://hadooptutorial.info/" "Mozilla/5.0 (Windows NT 6.1; rv:22.0) Gecko/20100101 Firefox/22.0"
216.107.156.43 - - [17/Oct/2014:00:03:00 -0400] "POST /register/ HTTP/1.1" 200 4907 "http://hadooptutorial.info/register/" "Mozilla/5.0 (Windows NT 6.1; rv:22.0) Gecko/20100101 Firefox/22.0"
66.96.183.35 - - [17/Oct/2014:00:03:02 -0400] "POST /wp-cron.php?doing_wp_cron=1413518582.8183889389038085937500 HTTP/1.1" 200 - "-" "WordPress/4.0; http://hadooptutorial.info"
118.102.255.50 - - [17/Oct/2014:00:03:31 -0400] "GET /favicon.ico HTTP/1.1" 200 20 "-" "Mozilla/5.0 (Windows NT 6.1; WOW64) AppleWebKit/537.36 (KHTML, like Gecko) Chrome/38.0.2125.101 Safari/537.36"
118.102.255.50 - - [17/Oct/2014:00:03:44 -0400] "GET /favicon.ico HTTP/1.1" 200 20 "-" "Mozilla/5.0 (Windows NT 6.1; WOW64) AppleWebKit/537.36 (KHTML, like Gecko) Chrome/38.0.2125.101 Safari/537.36"
118.102.255.50 - - [17/Oct/2014:00:04:32 -0400] "GET /favicon.ico HTTP/1.1" 200 20 "-" "Mozilla/5.0 (Windows NT 6.1; WOW64) AppleWebKit/537.36 (KHTML, like Gecko) Chrome/38.0.2125.101 Safari/537.36"
122.172.200.100 - - [17/Oct/2014:00:04:36 -0400] "GET /tag/hbase-sink/ HTTP/1.1" 200 15997 "https://www.google.co.in/" "Mozilla/5.0 (X11; Linux x86_64) AppleWebKit/537.36 (KHTML, like Gecko) Chrome/33.0.1750.117 Safari/537.36"
118.102.255.50 - - [17/Oct/2014:00:04:44 -0400] "GET /favicon.ico HTTP/1.1" 200 20 "-" "Mozilla/5.0 (Windows NT 6.1; WOW64) AppleWebKit/537.36 (KHTML, like Gecko) Chrome/38.0.2125.101 Safari/537.36"
122.172.200.100 - - [17/Oct/2014:00:05:05 -0400] "GET /wp-content/cache/autoptimize/js/autoptimize_845a3eb2923dd3fec10a09f3aae67c2f.js HTTP/1.1" 200 77192 "http://hadooptutorial.info/tag/hbase-sink/" "Mozilla/5.0 (X11; Linux x86_64) AppleWebKit/537.36 (KHTML, like Gecko) Chrome/33.0.1750.117 Safari/537.36"
122.172.200.100 - - [17/Oct/2014:00:05:12 -0400] "GET /wp-admin/admin-ajax.php?action=wordfence_logHuman&hid=260B1ECE3308D24E1EC519DF0C497E7D&r=0.34491676348261535 HTTP/1.1" 200 20 "http://hadooptutorial.info/tag/hbase-sink/" "Mozilla/5.0 (X11; Linux x86_64) AppleWebKit/537.36 (KHTML, like Gecko) Chrome/33.0.1750.117 Safari/537.36"
122.172.200.100 - - [17/Oct/2014:00:05:18 -0400] "GET /favicon.ico HTTP/1.1" 200 20 "-" "Mozilla/5.0 (X11; Linux x86_64) AppleWebKit/537.36 (KHTML, like Gecko) Chrome/33.0.1750.117 Safari/537.36"
122.172.200.100 - - [17/Oct/2014:00:05:21 -0400] "GET /category/flume/ HTTP/1.1" 200 41622 "http://hadooptutorial.info/flume-data-collection-onto-hbase/" "Mozilla/5.0 (X11; Linux x86_64) AppleWebKit/537.36 (KHTML, like Gecko) Chrome/33.0.1750.117 Safari/537.36"
122.172.200.100 - - [17/Oct/2014:00:05:25 -0400] "GET /wp-admin/admin-ajax.php?action=wordfence_logHuman&hid=D5F15A06F210505128E245BD400F32A8&r=0.17263334873132408 HTTP/1.1" 200 20 "http://hadooptutorial.info/category/flume/" "Mozilla/5.0 (X11; Linux x86_64) AppleWebKit/537.36 (KHTML, like Gecko) Chrome/33.0.1750.117 Safari/537.36"
122.172.200.100 - - [17/Oct/2014:00:05:28 -0400] "GET /favicon.ico HTTP/1.1" 200 20 "-" "Mozilla/5.0 (X11; Linux x86_64) AppleWebKit/537.36 (KHTML, like Gecko) Chrome/33.0.1750.117 Safari/537.36"
118.102.255.50 - - [17/Oct/2014:00:05:32 -0400] "GET /favicon.ico HTTP/1.1" 200 20 "-" "Mozilla/5.0 (Windows NT 6.1; WOW64) AppleWebKit/537.36 (KHTML, like Gecko) Chrome/38.0.2125.101 Safari/537.36"
118.102.255.50 - - [17/Oct/2014:00:05:45 -0400] "GET /favicon.ico HTTP/1.1" 200 20 "-" "Mozilla/5.0 (Windows NT 6.1; WOW64) AppleWebKit/537.36 (KHTML, like Gecko) Chrome/38.0.2125.101 Safari/537.36"
118.102.255.50 - - [17/Oct/2014:00:06:32 -0400] "GET /favicon.ico HTTP/1.1" 200 20 "-" "Mozilla/5.0 (Windows NT 6.1; WOW64) AppleWebKit/537.36 (KHTML, like Gecko) Chrome/38.0.2125.101 Safari/537.36"
118.102.255.50 - - [17/Oct/2014:00:06:46 -0400] "GET /favicon.ico HTTP/1.1" 200 20 "-" "Mozilla/5.0 (Windows NT 6.1; WOW64) AppleWebKit/537.36 (KHTML, like Gecko) Chrome/38.0.2125.101 Safari/537.36"
118.102.255.50 - - [17/Oct/2014:00:07:33 -0400] "GET /favicon.ico HTTP/1.1" 200 20 "-" "Mozilla/5.0 (Windows NT 6.1; WOW64) AppleWebKit/537.36 (KHTML, like Gecko) Chrome/38.0.2125.101 Safari/537.36"
118.102.255.50 - - [17/Oct/2014:00:07:47 -0400] "GET /favicon.ico HTTP/1.1" 200 20 "-" "Mozilla/5.0 (Windows NT 6.1; WOW64) AppleWebKit/537.36 (KHTML, like Gecko) Chrome/38.0.2125.101 Safari/537.36"
66.249.82.113 - - [17/Oct/2014:00:08:05 -0400] "GET /wp-content/uploads/2014/10/SequenceFile-Key-Extractor.png HTTP/1.1" 200 78205 "-" "Mozilla/5.0 (Windows; U; Windows NT 5.1; de; rv:1.9.0.7) Gecko/2009021910 Firefox/3.0.7 (via ggpht.com GoogleImageProxy)"
66.249.82.113 - - [17/Oct/2014:00:08:05 -0400] "GET /wp-content/uploads/2014/10/SmallFilesToSequenceFile.png HTTP/1.1" 200 148343 "-" "Mozilla/5.0 (Windows; U; Windows NT 5.1; de; rv:1.9.0.7) Gecko/2009021910 Firefox/3.0.7 (via ggpht.com GoogleImageProxy)"
66.249.82.113 - - [17/Oct/2014:00:08:05 -0400] "GET /wp-content/uploads/2014/10/input-dir.png HTTP/1.1" 200 67265 "-" "Mozilla/5.0 (Windows; U; Windows NT 5.1; de; rv:1.9.0.7) Gecko/2009021910 Firefox/3.0.7 (via ggpht.com GoogleImageProxy)"
66.249.82.113 - - [17/Oct/2014:00:08:11 -0400] "GET /wp-content/uploads/2014/10/JSON-View-of-avro-file.png HTTP/1.1" 200 31944 "-" "Mozilla/5.0 (Windows; U; Windows NT 5.1; de; rv:1.9.0.7) Gecko/2009021910 Firefox/3.0.7 (via ggpht.com GoogleImageProxy)"
66.249.82.113 - - [17/Oct/2014:00:08:11 -0400] "GET /wp-content/uploads/2014/10/SmallFilesToAvroFile.png HTTP/1.1" 200 87398 "-" "Mozilla/5.0 (Windows; U; Windows NT 5.1; de; rv:1.9.0.7) Gecko/2009021910 Firefox/3.0.7 (via ggpht.com GoogleImageProxy)"
118.102.255.50 - - [17/Oct/2014:00:08:34 -0400] "GET /favicon.ico HTTP/1.1" 200 20 "-" "Mozilla/5.0 (Windows NT 6.1; WOW64) AppleWebKit/537.36 (KHTML, like Gecko) Chrome/38.0.2125.101 Safari/537.36"
118.102.255.50 - - [17/Oct/2014:00:08:47 -0400] "GET /favicon.ico HTTP/1.1" 200 20 "-" "Mozilla/5.0 (Windows NT 6.1; WOW64) AppleWebKit/537.36 (KHTML, like Gecko) Chrome/38.0.2125.101 Safari/537.36"
104.143.23.205 - - [17/Oct/2014:00:09:21 -0400] "GET /register/ HTTP/1.1" 200 4878 "http://hadooptutorial.info/" "Mozilla/5.0 (Windows NT 6.1; rv:22.0) Gecko/20100101 Firefox/22.0"
198.50.217.3 - - [17/Oct/2014:00:09:21 -0400] "GET /activity/ HTTP/1.1" 200 6633 "http://hadooptutorial.info/" "Mozilla/5.0 (Windows NT 6.1; rv:22.0) Gecko/20100101 Firefox/22.0"
104.143.23.205 - - [17/Oct/2014:00:09:22 -0400] "POST /register/ HTTP/1.1" 200 4369 "http://hadooptutorial.info/register/" "Mozilla/5.0 (Windows NT 6.1; rv:22.0) Gecko/20100101 Firefox/22.0"
104.143.23.205 - - [17/Oct/2014:00:09:28 -0400] "GET /wp-login.php?redirect_to=http%3A%2F%2Fhadooptutorial.info%2Fregister%2F HTTP/1.1" 200 1308 "http://hadooptutorial.info/" "Mozilla/5.0 (Windows NT 6.1; rv:22.0) Gecko/20100101 Firefox/22.0"
104.143.23.205 - - [17/Oct/2014:00:09:29 -0400] "POST /wp-login.php HTTP/1.1" 200 1469 "http://hadooptutorial.info/wp-login.php?redirect_to=http%3A%2F%2Fhadooptutorial.info%2Fregister%2F" "Mozilla/5.0 (Windows NT 6.1; rv:22.0) Gecko/20100101 Firefox/22.0"
118.102.255.50 - - [17/Oct/2014:00:09:33 -0400] "GET /favicon.ico HTTP/1.1" 200 20 "-" "Mozilla/5.0 (Windows NT 6.1; WOW64) AppleWebKit/537.36 (KHTML, like Gecko) Chrome/38.0.2125.101 Safari/537.36"
118.102.255.50 - - [17/Oct/2014:00:09:47 -0400] "GET /favicon.ico HTTP/1.1" 200 20 "-" "Mozilla/5.0 (Windows NT 6.1; WOW64) AppleWebKit/537.36 (KHTML, like Gecko) Chrome/38.0.2125.101 Safari/537.36"
212.129.59.23 - - [17/Oct/2014:00:09:49 -0400] "GET /register/ HTTP/1.1" 200 4878 "http://hadooptutorial.info/" "Mozilla/5.0 (Windows NT 6.1; rv:22.0) Gecko/20100101 Firefox/22.0"
95.58.101.156 - - [17/Oct/2014:00:09:52 -0400] "GET /register/ HTTP/1.1" 200 4878 "http://hadooptutorial.info/" "Mozilla/5.0 (Windows NT 6.1; rv:22.0) Gecko/20100101 Firefox/22.0"
95.58.101.156 - - [17/Oct/2014:00:09:54 -0400] "POST /register/ HTTP/1.1" 200 4895 "http://hadooptutorial.info/register/" "Mozilla/5.0 (Windows NT 6.1; rv:22.0) Gecko/20100101 Firefox/22.0"
202.46.52.59 - - [17/Oct/2014:00:10:24 -0400] "GET /wp-content/cache/autoptimize/css/autoptimize_83e7822a6471a9ca1711a646e1988e48.css HTTP/1.1" 404 4120 "-" "Mozilla/5.0 (Windows NT 6.1; WOW64) AppleWebKit/537.36 (KHTML, like Gecko) Chrome/36.0.1985.125 Safari/537.36"
118.102.255.50 - - [17/Oct/2014:00:10:34 -0400] "GET /favicon.ico HTTP/1.1" 200 20 "-" "Mozilla/5.0 (Windows NT 6.1; WOW64) AppleWebKit/537.36 (KHTML, like Gecko) Chrome/38.0.2125.101 Safari/537.36"
118.102.255.50 - - [17/Oct/2014:00:10:48 -0400] "GET /favicon.ico HTTP/1.1" 200 20 "-" "Mozilla/5.0 (Windows NT 6.1; WOW64) AppleWebKit/537.36 (KHTML, like Gecko) Chrome/38.0.2125.101 Safari/537.36"
212.129.59.23 - - [17/Oct/2014:00:11:32 -0400] "GET /register/ HTTP/1.1" 200 4878 "http://hadooptutorial.info/" "Mozilla/5.0 (Windows NT 6.1; rv:22.0) Gecko/20100101 Firefox/22.0"
118.102.255.50 - - [17/Oct/2014:00:11:34 -0400] "GET /favicon.ico HTTP/1.1" 200 20 "-" "Mozilla/5.0 (Windows NT 6.1; WOW64) AppleWebKit/537.36 (KHTML, like Gecko) Chrome/38.0.2125.101 Safari/537.36"
95.58.101.156 - - [17/Oct/2014:00:11:35 -0400] "GET /register/ HTTP/1.1" 200 4878 "http://hadooptutorial.info/" "Mozilla/5.0 (Windows NT 6.1; rv:22.0) Gecko/20100101 Firefox/22.0"
95.58.101.156 - - [17/Oct/2014:00:11:37 -0400] "POST /register/ HTTP/1.1" 200 4899 "http://hadooptutorial.info/register/" "Mozilla/5.0 (Windows NT 6.1; rv:22.0) Gecko/20100101 Firefox/22.0"
118.102.255.50 - - [17/Oct/2014:00:11:48 -0400] "GET /favicon.ico HTTP/1.1" 200 20 "-" "Mozilla/5.0 (Windows NT 6.1; WOW64) AppleWebKit/537.36 (KHTML, like Gecko) Chrome/38.0.2125.101 Safari/537.36"
118.102.255.50 - - [17/Oct/2014:00:12:35 -0400] "GET /favicon.ico HTTP/1.1" 200 20 "-" "Mozilla/5.0 (Windows NT 6.1; WOW64) AppleWebKit/537.36 (KHTML, like Gecko) Chrome/38.0.2125.101 Safari/537.36"
118.102.255.50 - - [17/Oct/2014:00:12:48 -0400] "GET /favicon.ico HTTP/1.1" 200 20 "-" "Mozilla/5.0 (Windows NT 6.1; WOW64) AppleWebKit/537.36 (KHTML, like Gecko) Chrome/38.0.2125.101 Safari/537.36"
37.203.210.192 - - [17/Oct/2014:00:12:59 -0400] "GET /hive-installation-pseudo-distribution-mode/ HTTP/1.1" 200 11939 "http://hadooptutorial.info/" "Mozilla/5.0 (Windows NT 6.1; rv:22.0) Gecko/20100101 Firefox/22.0"
37.203.210.192 - - [17/Oct/2014:00:13:00 -0400] "GET /register/ HTTP/1.1" 200 4878 "http://hadooptutorial.info/" "Mozilla/5.0 (Windows NT 6.1; rv:22.0) Gecko/20100101 Firefox/22.0"
37.203.210.192 - - [17/Oct/2014:00:13:01 -0400] "POST /register/ HTTP/1.1" 200 4874 "http://hadooptutorial.info/register/" "Mozilla/5.0 (Windows NT 6.1; rv:22.0) Gecko/20100101 Firefox/22.0"
37.203.210.192 - - [17/Oct/2014:00:13:12 -0400] "GET /wp-login.php?redirect_to=http%3A%2F%2Fhadooptutorial.info%2Fregister%2F HTTP/1.1" 200 1308 "http://hadooptutorial.info/" "Mozilla/5.0 (Windows NT 6.1; rv:22.0) Gecko/20100101 Firefox/22.0"
37.203.210.192 - - [17/Oct/2014:00:13:15 -0400] "POST /wp-login.php HTTP/1.1" 200 1669 "http://hadooptutorial.info/wp-login.php?redirect_to=http%3A%2F%2Fhadooptutorial.info%2Fregister%2F" "Mozilla/5.0 (Windows NT 6.1; rv:22.0) Gecko/20100101 Firefox/22.0"
118.102.255.50 - - [17/Oct/2014:00:13:35 -0400] "GET /favicon.ico HTTP/1.1" 200 20 "-" "Mozilla/5.0 (Windows NT 6.1; WOW64) AppleWebKit/537.36 (KHTML, like Gecko) Chrome/38.0.2125.101 Safari/537.36"
118.102.255.50 - - [17/Oct/2014:00:13:49 -0400] "GET /favicon.ico HTTP/1.1" 200 20 "-" "Mozilla/5.0 (Windows NT 6.1; WOW64) AppleWebKit/537.36 (KHTML, like Gecko) Chrome/38.0.2125.101 Safari/537.36"
118.102.255.50 - - [17/Oct/2014:00:14:35 -0400] "GET /favicon.ico HTTP/1.1" 200 20 "-" "Mozilla/5.0 (Windows NT 6.1; WOW64) AppleWebKit/537.36 (KHTML, like Gecko) Chrome/38.0.2125.101 Safari/537.36"
118.102.255.50 - - [17/Oct/2014:00:14:50 -0400] "GET /favicon.ico HTTP/1.1" 200 20 "-" "Mozilla/5.0 (Windows NT 6.1; WOW64) AppleWebKit/537.36 (KHTML, like Gecko) Chrome/38.0.2125.101 Safari/537.36"
118.102.255.50 - - [17/Oct/2014:00:15:37 -0400] "GET /favicon.ico HTTP/1.1" 200 20 "-" "Mozilla/5.0 (Windows NT 6.1; WOW64) AppleWebKit/537.36 (KHTML, like Gecko) Chrome/38.0.2125.101 Safari/537.36"
196.15.16.103 - - [17/Oct/2014:00:15:42 -0400] "GET / HTTP/1.1" 200 7773 "http://hadooptutorial.info/category/hive/" "Mozilla/5.0 (Windows NT 6.1; WOW64; rv:24.0) Gecko/20100101 Firefox/24.0"
196.15.16.103 - - [17/Oct/2014:00:15:43 -0400] "GET /wp-includes/css/admin-bar.min.css?ver=4.0 HTTP/1.1" 200 3502 "http://hadooptutorial.info/" "Mozilla/5.0 (Windows NT 6.1; WOW64; rv:24.0) Gecko/20100101 Firefox/24.0"
196.15.16.103 - - [17/Oct/2014:00:15:43 -0400] "GET /wp-content/cache/autoptimize/css/autoptimize_4cccd817db145420398b85eb39072ca3.css HTTP/1.1" 200 58297 "http://hadooptutorial.info/" "Mozilla/5.0 (Windows NT 6.1; WOW64; rv:24.0) Gecko/20100101 Firefox/24.0"
196.15.16.103 - - [17/Oct/2014:00:15:43 -0400] "GET /wp-includes/css/dashicons.min.css?ver=4.0 HTTP/1.1" 200 25342 "http://hadooptutorial.info/" "Mozilla/5.0 (Windows NT 6.1; WOW64; rv:24.0) Gecko/20100101 Firefox/24.0"
196.15.16.103 - - [17/Oct/2014:00:15:43 -0400] "GET /wp-content/plugins/buddypress/bp-core/css/admin-bar.min.css?ver=2.1.1 HTTP/1.1" 200 485 "http://hadooptutorial.info/" "Mozilla/5.0 (Windows NT 6.1; WOW64; rv:24.0) Gecko/20100101 Firefox/24.0"
196.15.16.103 - - [17/Oct/2014:00:15:45 -0400] "GET /wp-includes/js/admin-bar.min.js?ver=4.0 HTTP/1.1" 200 2394 "http://hadooptutorial.info/" "Mozilla/5.0 (Windows NT 6.1; WOW64; rv:24.0) Gecko/20100101 Firefox/24.0"
196.15.16.103 - - [17/Oct/2014:00:15:45 -0400] "GET /wp-content/cache/autoptimize/js/autoptimize_ffcdacc2c63332b97179084a79ad014f.js HTTP/1.1" 200 194257 "http://hadooptutorial.info/" "Mozilla/5.0 (Windows NT 6.1; WOW64; rv:24.0) Gecko/20100101 Firefox/24.0"
196.15.16.103 - - [17/Oct/2014:00:15:45 -0400] "GET /wp-content/themes/holi/images/headers/green/diamond.png HTTP/1.1" 200 16142 "http://hadooptutorial.info/wp-content/cache/autoptimize/css/autoptimize_4cccd817db145420398b85eb39072ca3.css" "Mozilla/5.0 (Windows NT 6.1; WOW64; rv:24.0) Gecko/20100101 Firefox/24.0"
118.102.255.50 - - [17/Oct/2014:00:15:51 -0400] "GET /favicon.ico HTTP/1.1" 200 20 "-" "Mozilla/5.0 (Windows NT 6.1; WOW64) AppleWebKit/537.36 (KHTML, like Gecko) Chrome/38.0.2125.101 Safari/537.36"
196.15.16.103 - - [17/Oct/2014:00:15:50 -0400] "GET /wp-admin/admin-ajax.php?action=wordfence_logHuman&hid=1DD60C5F2958EB349AAFA64D33BE58BC&r=0.7585516637586791 HTTP/1.1" 200 20 "http://hadooptutorial.info/" "Mozilla/5.0 (Windows NT 6.1; WOW64; rv:24.0) Gecko/20100101 Firefox/24.0"
196.15.16.103 - - [17/Oct/2014:00:15:55 -0400] "GET /favicon.ico HTTP/1.1" 200 20 "-" "Mozilla/5.0 (Windows NT 6.1; WOW64; rv:24.0) Gecko/20100101 Firefox/24.0"
66.96.183.35 - - [17/Oct/2014:00:15:52 -0400] "POST /wp-cron.php?doing_wp_cron=1413519352.9463920593261718750000 HTTP/1.1" 200 - "-" "WordPress/4.0; http://hadooptutorial.info"
118.102.255.50 - - [17/Oct/2014:00:16:40 -0400] "GET /favicon.ico HTTP/1.1" 200 20 "-" "Mozilla/5.0 (Windows NT 6.1; WOW64) AppleWebKit/537.36 (KHTML, like Gecko) Chrome/38.0.2125.101 Safari/537.36"
118.102.255.50 - - [17/Oct/2014:00:16:55 -0400] "GET /favicon.ico HTTP/1.1" 200 20 "-" "Mozilla/5.0 (Windows NT 6.1; WOW64) AppleWebKit/537.36 (KHTML, like Gecko) Chrome/38.0.2125.101 Safari/537.36"
118.102.255.50 - - [17/Oct/2014:00:17:38 -0400] "GET /favicon.ico HTTP/1.1" 200 20 "-" "Mozilla/5.0 (Windows NT 6.1; WOW64) AppleWebKit/537.36 (KHTML, like Gecko) Chrome/38.0.2125.101 Safari/537.36"
118.102.255.50 - - [17/Oct/2014:00:17:55 -0400] "GET /favicon.ico HTTP/1.1" 200 20 "-" "Mozilla/5.0 (Windows NT 6.1; WOW64) AppleWebKit/537.36 (KHTML, like Gecko) Chrome/38.0.2125.101 Safari/537.36"
118.102.255.50 - - [17/Oct/2014:00:18:38 -0400] "GET /favicon.ico HTTP/1.1" 200 20 "-" "Mozilla/5.0 (Windows NT 6.1; WOW64) AppleWebKit/537.36 (KHTML, like Gecko) Chrome/38.0.2125.101 Safari/537.36"
118.102.255.50 - - [17/Oct/2014:00:18:53 -0400] "GET /favicon.ico HTTP/1.1" 200 20 "-" "Mozilla/5.0 (Windows NT 6.1; WOW64) AppleWebKit/537.36 (KHTML, like Gecko) Chrome/38.0.2125.101 Safari/537.36"
118.102.255.50 - - [17/Oct/2014:00:19:39 -0400] "GET /favicon.ico HTTP/1.1" 200 20 "-" "Mozilla/5.0 (Windows NT 6.1; WOW64) AppleWebKit/537.36 (KHTML, like Gecko) Chrome/38.0.2125.101 Safari/537.36"
118.102.255.50 - - [17/Oct/2014:00:19:57 -0400] "GET /favicon.ico HTTP/1.1" 200 20 "-" "Mozilla/5.0 (Windows NT 6.1; WOW64) AppleWebKit/537.36 (KHTML, like Gecko) Chrome/38.0.2125.101 Safari/537.36"
192.240.227.202 - - [17/Oct/2014:00:20:21 -0400] "GET /register/ HTTP/1.1" 200 4878 "http://hadooptutorial.info/" "Mozilla/5.0 (Windows NT 6.1; rv:22.0) Gecko/20100101 Firefox/22.0"
192.240.227.202 - - [17/Oct/2014:00:20:21 -0400] "GET /register/ HTTP/1.1" 200 4878 "http://hadooptutorial.info/" "Mozilla/5.0 (Windows NT 6.1; rv:22.0) Gecko/20100101 Firefox/22.0"
192.240.227.202 - - [17/Oct/2014:00:20:22 -0400] "POST /register/ HTTP/1.1" 200 4900 "http://hadooptutorial.info/register/" "Mozilla/5.0 (Windows NT 6.1; rv:22.0) Gecko/20100101 Firefox/22.0"
118.102.255.50 - - [17/Oct/2014:00:20:40 -0400] "GET /favicon.ico HTTP/1.1" 200 20 "-" "Mozilla/5.0 (Windows NT 6.1; WOW64) AppleWebKit/537.36 (KHTML, like Gecko) Chrome/38.0.2125.101 Safari/537.36"
118.102.255.50 - - [17/Oct/2014:00:20:58 -0400] "GET /favicon.ico HTTP/1.1" 200 20 "-" "Mozilla/5.0 (Windows NT 6.1; WOW64) AppleWebKit/537.36 (KHTML, like Gecko) Chrome/38.0.2125.101 Safari/537.36"
118.102.255.50 - - [17/Oct/2014:00:21:40 -0400] "GET /favicon.ico HTTP/1.1" 200 20 "-" "Mozilla/5.0 (Windows NT 6.1; WOW64) AppleWebKit/537.36 (KHTML, like Gecko) Chrome/38.0.2125.101 Safari/537.36"
118.102.255.50 - - [17/Oct/2014:00:21:56 -0400] "GET /favicon.ico HTTP/1.1" 200 20 "-" "Mozilla/5.0 (Windows NT 6.1; WOW64) AppleWebKit/537.36 (KHTML, like Gecko) Chrome/38.0.2125.101 Safari/537.36"
118.102.255.50 - - [17/Oct/2014:00:22:41 -0400] "GET /favicon.ico HTTP/1.1" 200 20 "-" "Mozilla/5.0 (Windows NT 6.1; WOW64) AppleWebKit/537.36 (KHTML, like Gecko) Chrome/38.0.2125.101 Safari/537.36"
118.102.255.50 - - [17/Oct/2014:00:22:56 -0400] "GET /favicon.ico HTTP/1.1" 200 20 "-" "Mozilla/5.0 (Windows NT 6.1; WOW64) AppleWebKit/537.36 (KHTML, like Gecko) Chrome/38.0.2125.101 Safari/537.36"
118.102.255.50 - - [17/Oct/2014:00:23:41 -0400] "GET /favicon.ico HTTP/1.1" 200 20 "-" "Mozilla/5.0 (Windows NT 6.1; WOW64) AppleWebKit/537.36 (KHTML, like Gecko) Chrome/38.0.2125.101 Safari/537.36"
118.102.255.50 - - [17/Oct/2014:00:23:57 -0400] "GET /favicon.ico HTTP/1.1" 200 20 "-" "Mozilla/5.0 (Windows NT 6.1; WOW64) AppleWebKit/537.36 (KHTML, like Gecko) Chrome/38.0.2125.101 Safari/537.36"
212.83.160.236 - - [17/Oct/2014:00:24:01 -0400] "GET /register/ HTTP/1.1" 200 4878 "http://hadooptutorial.info/" "Mozilla/5.0 (Windows NT 6.1; rv:22.0) Gecko/20100101 Firefox/22.0"
212.83.160.236 - - [17/Oct/2014:00:24:03 -0400] "GET /register/ HTTP/1.1" 200 4878 "http://hadooptutorial.info/" "Mozilla/5.0 (Windows NT 6.1; rv:22.0) Gecko/20100101 Firefox/22.0"
212.83.160.236 - - [17/Oct/2014:00:24:03 -0400] "POST /register/ HTTP/1.1" 200 4903 "http://hadooptutorial.info/register/" "Mozilla/5.0 (Windows NT 6.1; rv:22.0) Gecko/20100101 Firefox/22.0"
118.102.255.50 - - [17/Oct/2014:00:24:41 -0400] "GET /favicon.ico HTTP/1.1" 200 20 "-" "Mozilla/5.0 (Windows NT 6.1; WOW64) AppleWebKit/537.36 (KHTML, like Gecko) Chrome/38.0.2125.101 Safari/537.36"
118.102.255.50 - - [17/Oct/2014:00:24:59 -0400] "GET /favicon.ico HTTP/1.1" 200 20 "-" "Mozilla/5.0 (Windows NT 6.1; WOW64) AppleWebKit/537.36 (KHTML, like Gecko) Chrome/38.0.2125.101 Safari/537.36"
118.102.255.50 - - [17/Oct/2014:00:25:41 -0400] "GET /favicon.ico HTTP/1.1" 200 20 "-" "Mozilla/5.0 (Windows NT 6.1; WOW64) AppleWebKit/537.36 (KHTML, like Gecko) Chrome/38.0.2125.101 Safari/537.36"
118.102.255.50 - - [17/Oct/2014:00:25:58 -0400] "GET /favicon.ico HTTP/1.1" 200 20 "-" "Mozilla/5.0 (Windows NT 6.1; WOW64) AppleWebKit/537.36 (KHTML, like Gecko) Chrome/38.0.2125.101 Safari/537.36"
118.102.255.50 - - [17/Oct/2014:00:26:42 -0400] "GET /favicon.ico HTTP/1.1" 200 20 "-" "Mozilla/5.0 (Windows NT 6.1; WOW64) AppleWebKit/537.36 (KHTML, like Gecko) Chrome/38.0.2125.101 Safari/537.36"
118.102.255.50 - - [17/Oct/2014:00:26:58 -0400] "GET /favicon.ico HTTP/1.1" 200 20 "-" "Mozilla/5.0 (Windows NT 6.1; WOW64) AppleWebKit/537.36 (KHTML, like Gecko) Chrome/38.0.2125.101 Safari/537.36"
118.102.255.50 - - [17/Oct/2014:00:27:42 -0400] "GET /favicon.ico HTTP/1.1" 200 20 "-" "Mozilla/5.0 (Windows NT 6.1; WOW64) AppleWebKit/537.36 (KHTML, like Gecko) Chrome/38.0.2125.101 Safari/537.36"
118.102.255.50 - - [17/Oct/2014:00:27:58 -0400] "GET /favicon.ico HTTP/1.1" 200 20 "-" "Mozilla/5.0 (Windows NT 6.1; WOW64) AppleWebKit/537.36 (KHTML, like Gecko) Chrome/38.0.2125.101 Safari/537.36"
118.102.255.50 - - [17/Oct/2014:00:28:42 -0400] "GET /favicon.ico HTTP/1.1" 200 20 "-" "Mozilla/5.0 (Windows NT 6.1; WOW64) AppleWebKit/537.36 (KHTML, like Gecko) Chrome/38.0.2125.101 Safari/537.36"
118.102.255.50 - - [17/Oct/2014:00:28:59 -0400] "GET /favicon.ico HTTP/1.1" 200 20 "-" "Mozilla/5.0 (Windows NT 6.1; WOW64) AppleWebKit/537.36 (KHTML, like Gecko) Chrome/38.0.2125.101 Safari/537.36"
118.102.255.50 - - [17/Oct/2014:00:29:44 -0400] "GET /favicon.ico HTTP/1.1" 200 20 "-" "Mozilla/5.0 (Windows NT 6.1; WOW64) AppleWebKit/537.36 (KHTML, like Gecko) Chrome/38.0.2125.101 Safari/537.36"
118.102.255.50 - - [17/Oct/2014:00:29:59 -0400] "GET /favicon.ico HTTP/1.1" 200 20 "-" "Mozilla/5.0 (Windows NT 6.1; WOW64) AppleWebKit/537.36 (KHTML, like Gecko) Chrome/38.0.2125.101 Safari/537.36"
118.102.255.50 - - [17/Oct/2014:00:30:44 -0400] "GET /favicon.ico HTTP/1.1" 200 20 "-" "Mozilla/5.0 (Windows NT 6.1; WOW64) AppleWebKit/537.36 (KHTML, like Gecko) Chrome/38.0.2125.101 Safari/537.36"
118.102.255.50 - - [17/Oct/2014:00:31:00 -0400] "GET /favicon.ico HTTP/1.1" 200 20 "-" "Mozilla/5.0 (Windows NT 6.1; WOW64) AppleWebKit/537.36 (KHTML, like Gecko) Chrome/38.0.2125.101 Safari/537.36"
118.102.255.50 - - [17/Oct/2014:00:31:45 -0400] "GET /favicon.ico HTTP/1.1" 200 20 "-" "Mozilla/5.0 (Windows NT 6.1; WOW64) AppleWebKit/537.36 (KHTML, like Gecko) Chrome/38.0.2125.101 Safari/537.36"
118.102.255.50 - - [17/Oct/2014:00:31:59 -0400] "GET /favicon.ico HTTP/1.1" 200 20 "-" "Mozilla/5.0 (Windows NT 6.1; WOW64) AppleWebKit/537.36 (KHTML, like Gecko) Chrome/38.0.2125.101 Safari/537.36"
118.102.255.50 - - [17/Oct/2014:00:32:46 -0400] "GET /favicon.ico HTTP/1.1" 200 20 "-" "Mozilla/5.0 (Windows NT 6.1; WOW64) AppleWebKit/537.36 (KHTML, like Gecko) Chrome/38.0.2125.101 Safari/537.36"
118.102.255.50 - - [17/Oct/2014:00:33:04 -0400] "GET /favicon.ico HTTP/1.1" 200 20 "-" "Mozilla/5.0 (Windows NT 6.1; WOW64) AppleWebKit/537.36 (KHTML, like Gecko) Chrome/38.0.2125.101 Safari/537.36"
118.102.255.50 - - [17/Oct/2014:00:33:54 -0400] "GET /favicon.ico HTTP/1.1" 200 20 "-" "Mozilla/5.0 (Windows NT 6.1; WOW64) AppleWebKit/537.36 (KHTML, like Gecko) Chrome/38.0.2125.101 Safari/537.36"
118.102.255.50 - - [17/Oct/2014:00:34:01 -0400] "GET /favicon.ico HTTP/1.1" 200 20 "-" "Mozilla/5.0 (Windows NT 6.1; WOW64) AppleWebKit/537.36 (KHTML, like Gecko) Chrome/38.0.2125.101 Safari/537.36"
201.247.217.61 - - [17/Oct/2014:00:34:43 -0400] "GET /category/mapreduce/ HTTP/1.1" 200 46108 "http://hadooptutorial.info/eclipse-configuration-for-hadoop/" "Mozilla/5.0 (X11; Ubuntu; Linux i686; rv:33.0) Gecko/20100101 Firefox/33.0"
201.247.217.61 - - [17/Oct/2014:00:34:44 -0400] "GET /wp-content/cache/autoptimize/css/autoptimize_baea3e2beb2e8c659a26f58ec42b7ad6.css HTTP/1.1" 200 57687 "http://hadooptutorial.info/category/mapreduce/" "Mozilla/5.0 (X11; Ubuntu; Linux i686; rv:33.0) Gecko/20100101 Firefox/33.0"
201.247.217.61 - - [17/Oct/2014:00:34:44 -0400] "GET /wp-content/cache/autoptimize/js/autoptimize_1594b77138d6d66a49469f72235ac4c4.js HTTP/1.1" 200 77194 "http://hadooptutorial.info/category/mapreduce/" "Mozilla/5.0 (X11; Ubuntu; Linux i686; rv:33.0) Gecko/20100101 Firefox/33.0"
118.102.255.50 - - [17/Oct/2014:00:34:49 -0400] "GET /favicon.ico HTTP/1.1" 200 20 "-" "Mozilla/5.0 (Windows NT 6.1; WOW64) AppleWebKit/537.36 (KHTML, like Gecko) Chrome/38.0.2125.101 Safari/537.36"
66.249.64.51 - - [17/Oct/2014:00:34:40 -0400] "GET /members/rao-645/activity/favorites/ HTTP/1.1" 200 4885 "-" "Mozilla/5.0 (compatible; Googlebot/2.1; +http://www.google.com/bot.html)"
201.247.217.61 - - [17/Oct/2014:00:34:47 -0400] "GET /wp-admin/admin-ajax.php?action=wordfence_logHuman&hid=231ADE546DD6507405F195E6BE677BA4&r=0.29787742642865833 HTTP/1.1" 200 20 "http://hadooptutorial.info/category/mapreduce/" "Mozilla/5.0 (X11; Ubuntu; Linux i686; rv:33.0) Gecko/20100101 Firefox/33.0"
198.50.217.3 - - [17/Oct/2014:00:34:45 -0400] "GET /activate/?key=ef5b25ca04b95d791580c840a696292a HTTP/1.1" 200 4454 "http://hadooptutorial.info/" "Opera/9.80 (Windows NT 6.2; Win64; x64) Presto/2.12.388 Version/12.16"
198.50.217.3 - - [17/Oct/2014:00:34:56 -0400] "GET /register/ HTTP/1.1" 200 4878 "http://hadooptutorial.info/" "Mozilla/5.0 (Windows NT 6.1; rv:22.0) Gecko/20100101 Firefox/22.0"
198.50.171.112 - - [17/Oct/2014:00:34:57 -0400] "GET /wp-login.php?redirect_to=http%3A%2F%2Fhadooptutorial.info%2Fregister%2F HTTP/1.1" 200 1308 "http://hadooptutorial.info/" "Mozilla/5.0 (Windows NT 6.1; rv:22.0) Gecko/20100101 Firefox/22.0"
198.50.171.112 - - [17/Oct/2014:00:34:58 -0400] "POST /wp-login.php HTTP/1.1" 302 192 "http://hadooptutorial.info/wp-login.php?redirect_to=http%3A%2F%2Fhadooptutorial.info%2Fregister%2F" "Mozilla/5.0 (Windows NT 6.1; rv:22.0) Gecko/20100101 Firefox/22.0"
201.247.217.61 - - [17/Oct/2014:00:34:54 -0400] "GET /category/mapreduce/page/2/ HTTP/1.1" 200 44628 "http://hadooptutorial.info/category/mapreduce/" "Mozilla/5.0 (X11; Ubuntu; Linux i686; rv:33.0) Gecko/20100101 Firefox/33.0"
198.50.171.112 - - [17/Oct/2014:00:34:59 -0400] "GET /register/ HTTP/1.1" 302 252 "http://hadooptutorial.info/wp-login.php?redirect_to=http%3A%2F%2Fhadooptutorial.info%2Fregister%2F" "Mozilla/5.0 (Windows NT 6.1; rv:22.0) Gecko/20100101 Firefox/22.0"
118.102.255.50 - - [17/Oct/2014:00:35:07 -0400] "GET /favicon.ico HTTP/1.1" 200 20 "-" "Mozilla/5.0 (Windows NT 6.1; WOW64) AppleWebKit/537.36 (KHTML, like Gecko) Chrome/38.0.2125.101 Safari/537.36"
198.50.171.112 - - [17/Oct/2014:00:35:01 -0400] "GET / HTTP/1.1" 200 8335 "http://hadooptutorial.info/wp-login.php?redirect_to=http%3A%2F%2Fhadooptutorial.info%2Fregister%2F" "Mozilla/5.0 (Windows NT 6.1; rv:22.0) Gecko/20100101 Firefox/22.0"
198.50.171.112 - - [17/Oct/2014:00:35:11 -0400] "GET /groups/ HTTP/1.1" 404 4600 "http://hadooptutorial.info" "Mozilla/5.0 (Windows NT 6.1; rv:22.0) Gecko/20100101 Firefox/22.0"
201.247.217.61 - - [17/Oct/2014:00:35:12 -0400] "GET /?s=mapreduce HTTP/1.1" 200 13221 "http://hadooptutorial.info/category/mapreduce/" "Mozilla/5.0 (X11; Ubuntu; Linux i686; rv:33.0) Gecko/20100101 Firefox/33.0"
198.50.171.112 - - [17/Oct/2014:00:35:16 -0400] "GET /groups/create/ HTTP/1.1" 404 4601 "http://hadooptutorial.info/groups/" "Mozilla/5.0 (Windows NT 6.1; rv:22.0) Gecko/20100101 Firefox/22.0"
201.247.217.61 - - [17/Oct/2014:00:35:21 -0400] "GET /wp-content/cache/autoptimize/js/autoptimize_5270f139aa99e63386b5456571c315ae.js HTTP/1.1" 200 77196 "http://hadooptutorial.info/?s=mapreduce" "Mozilla/5.0 (X11; Ubuntu; Linux i686; rv:33.0) Gecko/20100101 Firefox/33.0"
201.247.217.61 - - [17/Oct/2014:00:35:22 -0400] "GET /wp-admin/admin-ajax.php?action=wordfence_logHuman&hid=B6894BE4F336825DFAF99FEE6493498D&r=0.3710614807426733 HTTP/1.1" 200 20 "http://hadooptutorial.info/?s=mapreduce" "Mozilla/5.0 (X11; Ubuntu; Linux i686; rv:33.0) Gecko/20100101 Firefox/33.0"
201.247.217.61 - - [17/Oct/2014:00:35:25 -0400] "GET /search/mapreduce/page/2/ HTTP/1.1" 302 252 "http://hadooptutorial.info/?s=mapreduce" "Mozilla/5.0 (X11; Ubuntu; Linux i686; rv:33.0) Gecko/20100101 Firefox/33.0"
198.50.171.112 - - [17/Oct/2014:00:35:21 -0400] "GET /?group_id=&save=Create+Group+and+Continue&s= HTTP/1.1" 200 8073 "http://hadooptutorial.info/groups/create/" "Mozilla/5.0 (Windows NT 6.1; rv:22.0) Gecko/20100101 Firefox/22.0"
201.247.217.61 - - [17/Oct/2014:00:35:27 -0400] "GET / HTTP/1.1" 200 7773 "http://hadooptutorial.info/?s=mapreduce" "Mozilla/5.0 (X11; Ubuntu; Linux i686; rv:33.0) Gecko/20100101 Firefox/33.0"
198.50.171.112 - - [17/Oct/2014:00:35:27 -0400] "POST /?group_id=&save=Create+Group+and+Continue&s= HTTP/1.1" 302 232 "http://hadooptutorial.info/?group_id=&save=Create+Group+and+Continue&s=" "Mozilla/5.0 (Windows NT 6.1; rv:22.0) Gecko/20100101 Firefox/22.0"
138.16.160.8 - - [17/Oct/2014:00:35:30 -0400] "GET /mapreduce-interview-questions-part-1/ HTTP/1.1" 200 10011 "-" "Mozilla/5.0 (X11; Linux x86_64) AppleWebKit/537.36 (KHTML, like Gecko) Chrome/37.0.2062.120 Safari/537.36"
138.16.160.8 - - [17/Oct/2014:00:35:30 -0400] "GET /wp-includes/css/admin-bar.min.css?ver=4.0 HTTP/1.1" 200 3502 "http://hadooptutorial.info/mapreduce-interview-questions-part-1/" "Mozilla/5.0 (X11; Linux x86_64) AppleWebKit/537.36 (KHTML, like Gecko) Chrome/37.0.2062.120 Safari/537.36"
138.16.160.8 - - [17/Oct/2014:00:35:30 -0400] "GET /wp-includes/css/dashicons.min.css?ver=4.0 HTTP/1.1" 200 25342 "http://hadooptutorial.info/mapreduce-interview-questions-part-1/" "Mozilla/5.0 (X11; Linux x86_64) AppleWebKit/537.36 (KHTML, like Gecko) Chrome/37.0.2062.120 Safari/537.36"
138.16.160.8 - - [17/Oct/2014:00:35:30 -0400] "GET /wp-content/plugins/buddypress/bp-core/css/admin-bar.min.css?ver=2.1.1 HTTP/1.1" 200 485 "http://hadooptutorial.info/mapreduce-interview-questions-part-1/" "Mozilla/5.0 (X11; Linux x86_64) AppleWebKit/537.36 (KHTML, like Gecko) Chrome/37.0.2062.120 Safari/537.36"
138.16.160.8 - - [17/Oct/2014:00:35:30 -0400] "GET /wp-includes/js/admin-bar.min.js?ver=4.0 HTTP/1.1" 200 2394 "http://hadooptutorial.info/mapreduce-interview-questions-part-1/" "Mozilla/5.0 (X11; Linux x86_64) AppleWebKit/537.36 (KHTML, like Gecko) Chrome/37.0.2062.120 Safari/537.36"
138.16.160.8 - - [17/Oct/2014:00:35:30 -0400] "GET /wp-content/cache/autoptimize/css/autoptimize_79eaa9ef77eb1e99a5a382b038ef32e5.css HTTP/1.1" 200 63956 "http://hadooptutorial.info/mapreduce-interview-questions-part-1/" "Mozilla/5.0 (X11; Linux x86_64) AppleWebKit/537.36 (KHTML, like Gecko) Chrome/37.0.2062.120 Safari/537.36"
138.16.160.8 - - [17/Oct/2014:00:35:30 -0400] "GET /wp-content/cache/autoptimize/js/autoptimize_d6de44e7c1f43ff1ab2bf169811eee57.js HTTP/1.1" 200 195375 "http://hadooptutorial.info/mapreduce-interview-questions-part-1/" "Mozilla/5.0 (X11; Linux x86_64) AppleWebKit/537.36 (KHTML, like Gecko) Chrome/37.0.2062.120 Safari/537.36"
138.16.160.8 - - [17/Oct/2014:00:35:30 -0400] "GET /wp-content/themes/holi/images/headers/green/diamond.png HTTP/1.1" 200 16142 "http://hadooptutorial.info/wp-content/cache/autoptimize/css/autoptimize_79eaa9ef77eb1e99a5a382b038ef32e5.css" "Mozilla/5.0 (X11; Linux x86_64) AppleWebKit/537.36 (KHTML, like Gecko) Chrome/37.0.2062.120 Safari/537.36"
138.16.160.8 - - [17/Oct/2014:00:35:31 -0400] "GET /wp-content/plugins/jetpack/_inc/genericons/genericons/Genericons.svg HTTP/1.1" 200 22629 "http://hadooptutorial.info/wp-content/cache/autoptimize/css/autoptimize_79eaa9ef77eb1e99a5a382b038ef32e5.css" "Mozilla/5.0 (X11; Linux x86_64) AppleWebKit/537.36 (KHTML, like Gecko) Chrome/37.0.2062.120 Safari/537.36"
138.16.160.8 - - [17/Oct/2014:00:35:31 -0400] "GET /wp-content/plugins/crayon-syntax-highlighter/util/tag-editor/crayon_tinymce.js HTTP/1.1" 200 2117 "http://hadooptutorial.info/mapreduce-interview-questions-part-1/" "Mozilla/5.0 (X11; Linux x86_64) AppleWebKit/537.36 (KHTML, like Gecko) Chrome/37.0.2062.120 Safari/537.36"
138.16.160.8 - - [17/Oct/2014:00:35:31 -0400] "GET /wp-content/plugins/tinymce-advanced/mce/anchor/plugin.min.js HTTP/1.1" 200 338 "http://hadooptutorial.info/mapreduce-interview-questions-part-1/" "Mozilla/5.0 (X11; Linux x86_64) AppleWebKit/537.36 (KHTML, like Gecko) Chrome/37.0.2062.120 Safari/537.36"
138.16.160.8 - - [17/Oct/2014:00:35:31 -0400] "GET /wp-content/plugins/tinymce-advanced/mce/insertdatetime/plugin.min.js HTTP/1.1" 200 860 "http://hadooptutorial.info/mapreduce-interview-questions-part-1/" "Mozilla/5.0 (X11; Linux x86_64) AppleWebKit/537.36 (KHTML, like Gecko) Chrome/37.0.2062.120 Safari/537.36"
138.16.160.8 - - [17/Oct/2014:00:35:31 -0400] "GET /wp-content/plugins/tinymce-advanced/mce/nonbreaking/plugin.min.js HTTP/1.1" 200 371 "http://hadooptutorial.info/mapreduce-interview-questions-part-1/" "Mozilla/5.0 (X11; Linux x86_64) AppleWebKit/537.36 (KHTML, like Gecko) Chrome/37.0.2062.120 Safari/537.36"
138.16.160.8 - - [17/Oct/2014:00:35:31 -0400] "GET /wp-content/plugins/tinymce-advanced/mce/code/plugin.min.js HTTP/1.1" 200 435 "http://hadooptutorial.info/mapreduce-interview-questions-part-1/" "Mozilla/5.0 (X11; Linux x86_64) AppleWebKit/537.36 (KHTML, like Gecko) Chrome/37.0.2062.120 Safari/537.36"
138.16.160.8 - - [17/Oct/2014:00:35:31 -0400] "GET /wp-content/plugins/tinymce-advanced/mce/print/plugin.min.js HTTP/1.1" 200 182 "http://hadooptutorial.info/mapreduce-interview-questions-part-1/" "Mozilla/5.0 (X11; Linux x86_64) AppleWebKit/537.36 (KHTML, like Gecko) Chrome/37.0.2062.120 Safari/537.36"
138.16.160.8 - - [17/Oct/2014:00:35:31 -0400] "GET /wp-content/plugins/tinymce-advanced/mce/visualblocks/plugin.min.js HTTP/1.1" 200 523 "http://hadooptutorial.info/mapreduce-interview-questions-part-1/" "Mozilla/5.0 (X11; Linux x86_64) AppleWebKit/537.36 (KHTML, like Gecko) Chrome/37.0.2062.120 Safari/537.36"
138.16.160.8 - - [17/Oct/2014:00:35:31 -0400] "GET /wp-content/plugins/tinymce-advanced/mce/searchreplace/plugin.min.js HTTP/1.1" 200 2569 "http://hadooptutorial.info/mapreduce-interview-questions-part-1/" "Mozilla/5.0 (X11; Linux x86_64) AppleWebKit/537.36 (KHTML, like Gecko) Chrome/37.0.2062.120 Safari/537.36"
138.16.160.8 - - [17/Oct/2014:00:35:31 -0400] "GET /wp-content/plugins/tinymce-advanced/mce/table/plugin.min.js HTTP/1.1" 200 9208 "http://hadooptutorial.info/mapreduce-interview-questions-part-1/" "Mozilla/5.0 (X11; Linux x86_64) AppleWebKit/537.36 (KHTML, like Gecko) Chrome/37.0.2062.120 Safari/537.36"
138.16.160.8 - - [17/Oct/2014:00:35:31 -0400] "GET /wp-content/plugins/tinymce-advanced/mce/visualchars/plugin.min.js HTTP/1.1" 200 605 "http://hadooptutorial.info/mapreduce-interview-questions-part-1/" "Mozilla/5.0 (X11; Linux x86_64) AppleWebKit/537.36 (KHTML, like Gecko) Chrome/37.0.2062.120 Safari/537.36"
138.16.160.8 - - [17/Oct/2014:00:35:31 -0400] "GET /wp-content/plugins/tinymce-advanced/mce/advlist/plugin.min.js HTTP/1.1" 200 613 "http://hadooptutorial.info/mapreduce-interview-questions-part-1/" "Mozilla/5.0 (X11; Linux x86_64) AppleWebKit/537.36 (KHTML, like Gecko) Chrome/37.0.2062.120 Safari/537.36"
138.16.160.8 - - [17/Oct/2014:00:35:31 -0400] "GET /wp-content/plugins/tinymce-advanced/mce/wptadv/plugin.min.js HTTP/1.1" 200 698 "http://hadooptutorial.info/mapreduce-interview-questions-part-1/" "Mozilla/5.0 (X11; Linux x86_64) AppleWebKit/537.36 (KHTML, like Gecko) Chrome/37.0.2062.120 Safari/537.36"
138.16.160.8 - - [17/Oct/2014:00:35:31 -0400] "GET /wp-includes/js/tinymce/themes/modern/theme.min.js HTTP/1.1" 200 2636 "http://hadooptutorial.info/mapreduce-interview-questions-part-1/" "Mozilla/5.0 (X11; Linux x86_64) AppleWebKit/537.36 (KHTML, like Gecko) Chrome/37.0.2062.120 Safari/537.36"
138.16.160.8 - - [17/Oct/2014:00:35:31 -0400] "GET /wp-includes/js/tinymce/plugins/hr/plugin.min.js HTTP/1.1" 200 191 "http://hadooptutorial.info/mapreduce-interview-questions-part-1/" "Mozilla/5.0 (X11; Linux x86_64) AppleWebKit/537.36 (KHTML, like Gecko) Chrome/37.0.2062.120 Safari/537.36"
138.16.160.8 - - [17/Oct/2014:00:35:31 -0400] "GET /wp-includes/js/tinymce/plugins/colorpicker/plugin.min.js HTTP/1.1" 200 613 "http://hadooptutorial.info/mapreduce-interview-questions-part-1/" "Mozilla/5.0 (X11; Linux x86_64) AppleWebKit/537.36 (KHTML, like Gecko) Chrome/37.0.2062.120 Safari/537.36"
138.16.160.8 - - [17/Oct/2014:00:35:31 -0400] "GET /wp-includes/js/tinymce/plugins/charmap/plugin.min.js HTTP/1.1" 200 2693 "http://hadooptutorial.info/mapreduce-interview-questions-part-1/" "Mozilla/5.0 (X11; Linux x86_64) AppleWebKit/537.36 (KHTML, like Gecko) Chrome/37.0.2062.120 Safari/537.36"
138.16.160.8 - - [17/Oct/2014:00:35:31 -0400] "GET /wp-includes/js/tinymce/plugins/lists/plugin.min.js HTTP/1.1" 200 2642 "http://hadooptutorial.info/mapreduce-interview-questions-part-1/" "Mozilla/5.0 (X11; Linux x86_64) AppleWebKit/537.36 (KHTML, like Gecko) Chrome/37.0.2062.120 Safari/537.36"
138.16.160.8 - - [17/Oct/2014:00:35:31 -0400] "GET /wp-includes/js/tinymce/plugins/media/plugin.min.js HTTP/1.1" 200 3632 "http://hadooptutorial.info/mapreduce-interview-questions-part-1/" "Mozilla/5.0 (X11; Linux x86_64) AppleWebKit/537.36 (KHTML, like Gecko) Chrome/37.0.2062.120 Safari/537.36"
138.16.160.8 - - [17/Oct/2014:00:35:31 -0400] "GET /wp-includes/js/tinymce/plugins/tabfocus/plugin.min.js HTTP/1.1" 200 698 "http://hadooptutorial.info/mapreduce-interview-questions-part-1/" "Mozilla/5.0 (X11; Linux x86_64) AppleWebKit/537.36 (KHTML, like Gecko) Chrome/37.0.2062.120 Safari/537.36"
138.16.160.8 - - [17/Oct/2014:00:35:31 -0400] "GET /wp-includes/js/tinymce/plugins/paste/plugin.min.js HTTP/1.1" 200 6031 "http://hadooptutorial.info/mapreduce-interview-questions-part-1/" "Mozilla/5.0 (X11; Linux x86_64) AppleWebKit/537.36 (KHTML, like Gecko) Chrome/37.0.2062.120 Safari/537.36"
138.16.160.8 - - [17/Oct/2014:00:35:31 -0400] "GET /wp-includes/js/tinymce/plugins/textcolor/plugin.min.js HTTP/1.1" 200 1636 "http://hadooptutorial.info/mapreduce-interview-questions-part-1/" "Mozilla/5.0 (X11; Linux x86_64) AppleWebKit/537.36 (KHTML, like Gecko) Chrome/37.0.2062.120 Safari/537.36"
138.16.160.8 - - [17/Oct/2014:00:35:31 -0400] "GET /wp-includes/js/tinymce/plugins/fullscreen/plugin.min.js HTTP/1.1" 200 642 "http://hadooptutorial.info/mapreduce-interview-questions-part-1/" "Mozilla/5.0 (X11; Linux x86_64) AppleWebKit/537.36 (KHTML, like Gecko) Chrome/37.0.2062.120 Safari/537.36"
138.16.160.8 - - [17/Oct/2014:00:35:31 -0400] "GET /wp-includes/js/tinymce/plugins/wordpress/plugin.min.js HTTP/1.1" 200 3117 "http://hadooptutorial.info/mapreduce-interview-questions-part-1/" "Mozilla/5.0 (X11; Linux x86_64) AppleWebKit/537.36 (KHTML, like Gecko) Chrome/37.0.2062.120 Safari/537.36"
138.16.160.8 - - [17/Oct/2014:00:35:31 -0400] "GET /wp-includes/js/tinymce/plugins/wpautoresize/plugin.min.js HTTP/1.1" 200 911 "http://hadooptutorial.info/mapreduce-interview-questions-part-1/" "Mozilla/5.0 (X11; Linux x86_64) AppleWebKit/537.36 (KHTML, like Gecko) Chrome/37.0.2062.120 Safari/537.36"
138.16.160.8 - - [17/Oct/2014:00:35:31 -0400] "GET /wp-includes/js/tinymce/plugins/wpeditimage/plugin.min.js HTTP/1.1" 200 4646 "http://hadooptutorial.info/mapreduce-interview-questions-part-1/" "Mozilla/5.0 (X11; Linux x86_64) AppleWebKit/537.36 (KHTML, like Gecko) Chrome/37.0.2062.120 Safari/537.36"
138.16.160.8 - - [17/Oct/2014:00:35:31 -0400] "GET /wp-includes/js/tinymce/plugins/wplink/plugin.min.js HTTP/1.1" 200 464 "http://hadooptutorial.info/mapreduce-interview-questions-part-1/" "Mozilla/5.0 (X11; Linux x86_64) AppleWebKit/537.36 (KHTML, like Gecko) Chrome/37.0.2062.120 Safari/537.36"
138.16.160.8 - - [17/Oct/2014:00:35:31 -0400] "GET /wp-includes/js/tinymce/plugins/wpgallery/plugin.min.js HTTP/1.1" 200 754 "http://hadooptutorial.info/mapreduce-interview-questions-part-1/" "Mozilla/5.0 (X11; Linux x86_64) AppleWebKit/537.36 (KHTML, like Gecko) Chrome/37.0.2062.120 Safari/537.36"
138.16.160.8 - - [17/Oct/2014:00:35:31 -0400] "GET /wp-includes/js/tinymce/plugins/wpdialogs/plugin.min.js HTTP/1.1" 200 649 "http://hadooptutorial.info/mapreduce-interview-questions-part-1/" "Mozilla/5.0 (X11; Linux x86_64) AppleWebKit/537.36 (KHTML, like Gecko) Chrome/37.0.2062.120 Safari/537.36"
138.16.160.8 - - [17/Oct/2014:00:35:31 -0400] "GET /wp-includes/js/tinymce/plugins/wpview/plugin.min.js HTTP/1.1" 200 2885 "http://hadooptutorial.info/mapreduce-interview-questions-part-1/" "Mozilla/5.0 (X11; Linux x86_64) AppleWebKit/537.36 (KHTML, like Gecko) Chrome/37.0.2062.120 Safari/537.36"
138.16.160.8 - - [17/Oct/2014:00:35:31 -0400] "GET /wp-includes/js/tinymce/plugins/image/plugin.min.js HTTP/1.1" 200 2243 "http://hadooptutorial.info/mapreduce-interview-questions-part-1/" "Mozilla/5.0 (X11; Linux x86_64) AppleWebKit/537.36 (KHTML, like Gecko) Chrome/37.0.2062.120 Safari/537.36"
138.16.160.8 - - [17/Oct/2014:00:35:31 -0400] "GET /wp-includes/js/tinymce/skins/lightgray/skin.min.css HTTP/1.1" 200 6140 "http://hadooptutorial.info/mapreduce-interview-questions-part-1/" "Mozilla/5.0 (X11; Linux x86_64) AppleWebKit/537.36 (KHTML, like Gecko) Chrome/37.0.2062.120 Safari/537.36"
138.16.160.8 - - [17/Oct/2014:00:35:31 -0400] "GET /wp-includes/js/tinymce/skins/lightgray/content.min.css HTTP/1.1" 200 593 "http://hadooptutorial.info/mapreduce-interview-questions-part-1/" "Mozilla/5.0 (X11; Linux x86_64) AppleWebKit/537.36 (KHTML, like Gecko) Chrome/37.0.2062.120 Safari/537.36"
138.16.160.8 - - [17/Oct/2014:00:35:31 -0400] "GET /wp-includes/js/tinymce/skins/wordpress/wp-content.css?ver=4.0 HTTP/1.1" 200 2939 "http://hadooptutorial.info/mapreduce-interview-questions-part-1/" "Mozilla/5.0 (X11; Linux x86_64) AppleWebKit/537.36 (KHTML, like Gecko) Chrome/37.0.2062.120 Safari/537.36"
138.16.160.8 - - [17/Oct/2014:00:35:31 -0400] "GET /wp-content/plugins/crayon-syntax-highlighter/util/tag-editor/crayon_te.css HTTP/1.1" 200 283 "http://hadooptutorial.info/mapreduce-interview-questions-part-1/" "Mozilla/5.0 (X11; Linux x86_64) AppleWebKit/537.36 (KHTML, like Gecko) Chrome/37.0.2062.120 Safari/537.36"
138.16.160.8 - - [17/Oct/2014:00:35:32 -0400] "GET /wp-includes/js/tinymce/skins/lightgray/fonts/tinymce.woff HTTP/1.1" 200 4389 "http://hadooptutorial.info/wp-includes/js/tinymce/skins/lightgray/skin.min.css" "Mozilla/5.0 (X11; Linux x86_64) AppleWebKit/537.36 (KHTML, like Gecko) Chrome/37.0.2062.120 Safari/537.36"
138.16.160.8 - - [17/Oct/2014:00:35:30 -0400] "GET /wp-admin/admin-ajax.php?action=wordfence_logHuman&hid=11B89ED8C1AEB7E6CB0CDC42C2BB3DDB&r=0.9166758502833545 HTTP/1.1" 200 20 "http://hadooptutorial.info/mapreduce-interview-questions-part-1/" "Mozilla/5.0 (X11; Linux x86_64) AppleWebKit/537.36 (KHTML, like Gecko) Chrome/37.0.2062.120 Safari/537.36"
198.50.171.112 - - [17/Oct/2014:00:35:29 -0400] "GET /?group_id&save=Create+Group+and+Continue&s&subscribe=error HTTP/1.1" 200 8078 "http://hadooptutorial.info/?group_id=&save=Create+Group+and+Continue&s=" "Mozilla/5.0 (Windows NT 6.1; rv:22.0) Gecko/20100101 Firefox/22.0"
138.16.160.8 - - [17/Oct/2014:00:35:35 -0400] "GET /favicon.ico HTTP/1.1" 200 20 "-" "Mozilla/5.0 (X11; Linux x86_64) AppleWebKit/537.36 (KHTML, like Gecko) Chrome/37.0.2062.120 Safari/537.36"
138.16.160.8 - - [17/Oct/2014:00:35:31 -0400] "GET /mapreduce-interview-questions-part-1/?relatedposts=1&relatedposts_exclude=undefined HTTP/1.1" 200 572 "http://hadooptutorial.info/mapreduce-interview-questions-part-1/" "Mozilla/5.0 (X11; Linux x86_64) AppleWebKit/537.36 (KHTML, like Gecko) Chrome/37.0.2062.120 Safari/537.36"
201.247.217.61 - - [17/Oct/2014:00:35:36 -0400] "GET /hadoop-mapreduce-interview-questions-part-9/ HTTP/1.1" 200 10992 "http://hadooptutorial.info/?s=mapreduce" "Mozilla/5.0 (X11; Ubuntu; Linux i686; rv:33.0) Gecko/20100101 Firefox/33.0"
198.50.171.112 - - [17/Oct/2014:00:35:35 -0400] "POST /?group_id&save=Create+Group+and+Continue&s&subscribe=error HTTP/1.1" 302 232 "http://hadooptutorial.info/?group_id&save=Create+Group+and+Continue&s&subscribe=error" "Mozilla/5.0 (Windows NT 6.1; rv:22.0) Gecko/20100101 Firefox/22.0"
201.247.217.61 - - [17/Oct/2014:00:35:37 -0400] "GET /wp-content/cache/autoptimize/js/autoptimize_87f234c77f70119bc82bb4582f7a241e.js HTTP/1.1" 200 195377 "http://hadooptutorial.info/hadoop-mapreduce-interview-questions-part-9/" "Mozilla/5.0 (X11; Ubuntu; Linux i686; rv:33.0) Gecko/20100101 Firefox/33.0"
198.50.171.112 - - [17/Oct/2014:00:35:37 -0400] "GET /?group_id&save=Create+Group+and+Continue&s&subscribe=error HTTP/1.1" 200 8078 "http://hadooptutorial.info/?group_id&save=Create+Group+and+Continue&s&subscribe=error" "Mozilla/5.0 (Windows NT 6.1; rv:22.0) Gecko/20100101 Firefox/22.0"
198.50.171.112 - - [17/Oct/2014:00:35:37 -0400] "POST /?group_id&save=Create+Group+and+Continue&s&subscribe=error HTTP/1.1" 302 232 "http://hadooptutorial.info/?group_id&save=Create+Group+and+Continue&s&subscribe=error" "Mozilla/5.0 (Windows NT 6.1; rv:22.0) Gecko/20100101 Firefox/22.0"
198.50.171.112 - - [17/Oct/2014:00:35:40 -0400] "GET /?group_id&save=Create+Group+and+Continue&s&subscribe=error HTTP/1.1" 200 8078 "http://hadooptutorial.info/?group_id&save=Create+Group+and+Continue&s&subscribe=error" "Mozilla/5.0 (Windows NT 6.1; rv:22.0) Gecko/20100101 Firefox/22.0"
201.247.217.61 - - [17/Oct/2014:00:35:39 -0400] "GET /wp-admin/admin-ajax.php?action=wordfence_logHuman&hid=83B6ECE7DF4A54AE707224EC8F8D4F88&r=0.08629928957422273 HTTP/1.1" 200 20 "http://hadooptutorial.info/hadoop-mapreduce-interview-questions-part-9/" "Mozilla/5.0 (X11; Ubuntu; Linux i686; rv:33.0) Gecko/20100101 Firefox/33.0"
198.50.171.112 - - [17/Oct/2014:00:35:40 -0400] "POST /?group_id&save=Create+Group+and+Continue&s&subscribe=error HTTP/1.1" 302 232 "http://hadooptutorial.info/?group_id&save=Create+Group+and+Continue&s&subscribe=error" "Mozilla/5.0 (Windows NT 6.1; rv:22.0) Gecko/20100101 Firefox/22.0"
198.50.171.112 - - [17/Oct/2014:00:35:43 -0400] "GET /?group_id&save=Create+Group+and+Continue&s&subscribe=error HTTP/1.1" 200 8078 "http://hadooptutorial.info/?group_id&save=Create+Group+and+Continue&s&subscribe=error" "Mozilla/5.0 (Windows NT 6.1; rv:22.0) Gecko/20100101 Firefox/22.0"
201.247.217.61 - - [17/Oct/2014:00:35:41 -0400] "GET /hadoop-mapreduce-interview-questions-part-9/?relatedposts=1&relatedposts_exclude=undefined HTTP/1.1" 200 607 "http://hadooptutorial.info/hadoop-mapreduce-interview-questions-part-9/" "Mozilla/5.0 (X11; Ubuntu; Linux i686; rv:33.0) Gecko/20100101 Firefox/33.0"
198.50.217.3 - - [17/Oct/2014:00:35:44 -0400] "GET / HTTP/1.1" 200 7773 "-" "Mozilla/5.0 (Windows NT 6.1; rv:22.0) Gecko/20100101 Firefox/22.0"
198.50.171.112 - - [17/Oct/2014:00:35:45 -0400] "GET /members/emilfinniss/activity HTTP/1.1" 301 275 "http://hadooptutorial.info/" "Mozilla/5.0 (Windows NT 6.1; rv:22.0) Gecko/20100101 Firefox/22.0"
118.102.255.50 - - [17/Oct/2014:00:35:50 -0400] "GET /favicon.ico HTTP/1.1" 200 20 "-" "Mozilla/5.0 (Windows NT 6.1; WOW64) AppleWebKit/537.36 (KHTML, like Gecko) Chrome/38.0.2125.101 Safari/537.36"
201.247.217.61 - - [17/Oct/2014:00:35:46 -0400] "GET /hadoop-mapreduce-interview-questions-part-1/ HTTP/1.1" 404 4081 "-" "Mozilla/5.0 (X11; Ubuntu; Linux i686; rv:33.0) Gecko/20100101 Firefox/33.0"
198.50.171.112 - - [17/Oct/2014:00:35:46 -0400] "GET /members/emilfinniss/ HTTP/1.1" 200 6009 "http://hadooptutorial.info/" "Mozilla/5.0 (Windows NT 6.1; rv:22.0) Gecko/20100101 Firefox/22.0"
201.247.217.61 - - [17/Oct/2014:00:35:51 -0400] "GET /wp-content/cache/autoptimize/css/autoptimize_2d9f7ab0344b5274fb615c2b23fa84e5.css HTTP/1.1" 200 57051 "http://hadooptutorial.info/hadoop-mapreduce-interview-questions-part-1/" "Mozilla/5.0 (X11; Ubuntu; Linux i686; rv:33.0) Gecko/20100101 Firefox/33.0"
201.247.217.61 - - [17/Oct/2014:00:35:52 -0400] "GET /wp-content/cache/autoptimize/js/autoptimize_e58c99503aab6cbe092eab076e348eba.js HTTP/1.1" 200 77194 "http://hadooptutorial.info/hadoop-mapreduce-interview-questions-part-1/" "Mozilla/5.0 (X11; Ubuntu; Linux i686; rv:33.0) Gecko/20100101 Firefox/33.0"
198.50.171.112 - - [17/Oct/2014:00:35:52 -0400] "POST /activity/post/ HTTP/1.1" 302 248 "http://hadooptutorial.info/members/emilfinniss/" "Mozilla/5.0 (Windows NT 6.1; rv:22.0) Gecko/20100101 Firefox/22.0"
198.50.171.112 - - [17/Oct/2014:00:35:53 -0400] "GET /members/emilfinniss/ HTTP/1.1" 200 6009 "http://hadooptutorial.info/members/emilfinniss/" "Mozilla/5.0 (Windows NT 6.1; rv:22.0) Gecko/20100101 Firefox/22.0"
107.178.200.14 - - [17/Oct/2014:00:35:48 -0400] "GET /tag/noclassdeffounderror/ HTTP/1.1" 200 17389 "https://www.google.com.hk/" "Mozilla/5.0 (Windows NT 6.1) AppleWebKit/537.36 (KHTML, like Gecko) Chrome/38.0.2125.104 Safari/537.36 AppEngine-Google; (+http://code.google.com/appengine; appid: s~lewissnap)"
201.247.217.61 - - [17/Oct/2014:00:35:54 -0400] "GET /wp-admin/admin-ajax.php?action=wordfence_logHuman&hid=D252DA5C3D7653135C22325A5F68D7BA&r=0.582499491186546 HTTP/1.1" 200 20 "http://hadooptutorial.info/hadoop-mapreduce-interview-questions-part-1/" "Mozilla/5.0 (X11; Ubuntu; Linux i686; rv:33.0) Gecko/20100101 Firefox/33.0"
